[0m20:07:16.746762 [debug] [MainThread]: Sending event: {'category': 'dbt', 'action': 'invocation', 'label': 'start', 'context': [<snowplow_tracker.self_describing_json.SelfDescribingJson object at 0x0000019D4E4D33D0>, <snowplow_tracker.self_describing_json.SelfDescribingJson object at 0x0000019D4BF07B50>, <snowplow_tracker.self_describing_json.SelfDescribingJson object at 0x0000019D49A5B5D0>]}


============================== 20:07:16.794422 | 960636af-ebbf-4e1f-96be-d27d404b5a3b ==============================
[0m20:07:16.794422 [info ] [MainThread]: Running with dbt=1.11.10
[0m20:07:16.800102 [debug] [MainThread]: running dbt with arguments {'static_parser': 'True', 'no_print': 'None', 'version_check': 'True', 'target_path': 'None', 'warn_error_options': 'WarnErrorOptionsV2(error=[], warn=[], silence=[])', 'printer_width': '80', 'write_json': 'True', 'introspect': 'True', 'log_cache_events': 'False', 'empty': 'None', 'cache_selected_only': 'False', 'fail_fast': 'False', 'debug': 'False', 'log_format': 'default', 'profiles_dir': 'C:\\Users\\julio\\.dbt', 'send_anonymous_usage_stats': 'True', 'quiet': 'False', 'warn_error': 'None', 'partial_parse': 'True', 'use_colors': 'True', 'invocation_command': 'dbt init', 'indirect_selection': 'eager', 'use_experimental_parser': 'False', 'log_path': 'logs'}
[0m20:07:16.916941 [info ] [MainThread]: Creating dbt configuration folder at C:\Users\julio\.dbt
[0m20:08:04.692585 [debug] [MainThread]: Starter project path: C:\Users\julio\OneDrive\Área de Trabalho\ProjetoEcommerce\.venv\Lib\site-packages\dbt\include\starter_project
[0m20:08:04.744205 [info ] [MainThread]: 
Your new dbt project "EcommerceAoVivo" was created!

For more information on how to configure the profiles.yml file,
please consult the dbt documentation here:

  https://docs.getdbt.com/docs/configure-your-profile

One more thing:

Need help? Don't hesitate to reach out to us via GitHub issues or on Slack:

  https://community.getdbt.com/

Happy modeling!

[0m20:08:04.744205 [info ] [MainThread]: Setting up your profile.
[0m20:14:35.551772 [info ] [MainThread]: Profile EcommerceAoVivo written to C:\Users\julio\.dbt\profiles.yml using target's profile_template.yml and your supplied values. Run 'dbt debug' to validate the connection.
[0m20:14:35.555300 [debug] [MainThread]: Command `dbt init` succeeded at 20:14:35.554793 after 438.91 seconds
[0m20:14:35.556311 [debug] [MainThread]: Sending event: {'category': 'dbt', 'action': 'invocation', 'label': 'end', 'context': [<snowplow_tracker.self_describing_json.SelfDescribingJson object at 0x0000019D46C74890>, <snowplow_tracker.self_describing_json.SelfDescribingJson object at 0x0000019D46C74690>, <snowplow_tracker.self_describing_json.SelfDescribingJson object at 0x0000019D4E3D6150>]}
[0m20:14:35.557336 [debug] [MainThread]: Flushing usage events
[0m20:14:36.395030 [debug] [MainThread]: An error was encountered while trying to flush usage events
